// Jest Snapshot v1, https://goo.gl/fbAQLP

exports[`cellDispatch LINK should return a valid link with a desnoozed notification 1`] = `
<React.Fragment>
  <a
    href="FAK123"
    target="_elis_viewer"
  >
    FAK123
  </a>
  <React.Fragment>
     
    <FontAwesomeIcon
      aria-label="This case has been previously snoozed"
      border={false}
      className="text-accent-warm"
      fixedWidth={false}
      flip={null}
      icon="exclamation-triangle"
      inverse={false}
      listItem={false}
      mask={null}
      pull={null}
      pulse={false}
      rotation={null}
      size={null}
      spin={false}
      symbol={false}
      title=""
      transform={null}
    />
  </React.Fragment>
</React.Fragment>
`;

exports[`cellDispatch LINK should return a valid link with no desnoozed notification 1`] = `
<React.Fragment>
  <a
    href="FAK123"
    target="_elis_viewer"
  >
    FAK123
  </a>
</React.Fragment>
`;
